../Core/Src/main.c:114:5:main	8	static
../Core/Src/main.c:205:6:SystemClock_Config	88	static
../Core/Src/main.c:252:13:MX_ADC1_Init	24	static
../Core/Src/main.c:434:13:MX_CAN_Init	48	static
../Core/Src/main.c:483:13:MX_TIM3_Init	32	static
../Core/Src/main.c:526:13:MX_DMA_Init	16	static
../Core/Src/main.c:544:13:MX_GPIO_Init	24	static
../Core/Src/main.c:560:7:readVoltage	24	static
../Core/Src/main.c:564:7:readTemperature	32	static
../Core/Src/main.c:568:6:HAL_CAN_RxFifo0MsgPendingCallback	16	static
../Core/Src/main.c:571:5:compare	16	static
../Core/Src/main.c:574:6:medianFilter	72	dynamic
../Core/Src/main.c:595:7:maxVal	24	static
../Core/Src/main.c:604:6:tempReading	16	static
../Core/Src/main.c:612:6:writeInfoToCAN	8	static
../Core/Src/main.c:619:6:HAL_ADC_ConvCpltCallback	16	static
../Core/Src/main.c:622:6:HAL_TIM_PeriodElapsedCallback	16	static
../Core/Src/main.c:631:6:Error_Handler	4	static,ignoring_inline_asm
