../Core/Src/main.c:103:5:main	8	static
../Core/Src/main.c:188:6:SystemClock_Config	88	static
../Core/Src/main.c:235:13:MX_ADC1_Init	24	static
../Core/Src/main.c:417:13:MX_CAN_Init	48	static
../Core/Src/main.c:466:13:MX_TIM3_Init	32	static
../Core/Src/main.c:509:13:MX_DMA_Init	16	static
../Core/Src/main.c:527:13:MX_GPIO_Init	40	static
../Core/Src/main.c:554:7:readVoltage	24	static
../Core/Src/main.c:558:7:readTemperature	32	static
../Core/Src/main.c:562:6:HAL_TIM_PeriodElapsedCallback	16	static
../Core/Src/main.c:565:6:HAL_CAN_RxFifo0MsgPendingCallback	16	static
../Core/Src/main.c:568:5:compare	16	static
../Core/Src/main.c:571:6:medianFilter	56	static
../Core/Src/main.c:587:6:tempReading	16	static
../Core/Src/main.c:594:7:maxVal	24	static
../Core/Src/main.c:603:6:writeInfoToCAN	8	static
../Core/Src/main.c:616:6:Error_Handler	4	static,ignoring_inline_asm
